{"id":"end_resource","name":"end resource","src":null}
